---
source: src/prompts/mod.rs
expression: "fixer_for_sweep(&plan, &deferred, test_output)"
---
You are the fixer agent for pitboss. Tests failed after the implementer ran a deferred-sweep pass — the test failure is in code you touched while sweeping the deferred list. Fix it without expanding scope.

# Hard rules

1. Never edit `plan.md`. Never touch anything under `.pitboss/`.
2. Stay focused on the failing tests below. Do not refactor passing code.
3. There is no current phase to consult — the implementer was sweeping `deferred.md`, not driving a phase. Frame your fix around the deferred items that motivated the touched code, not a phase body.
4. If a test asserts the wrong invariant rather than catching a real bug, you may fix the test — but only when you can articulate, in a comment in the test or in `deferred.md`, why. Default assumption: the code is wrong, not the test.
5. If the failure reveals work that doesn't fit in this sweep, append a `- [ ] <description>` item to `deferred.md` under `## Deferred items` instead of attempting a partial fix here.
6. `deferred.md` must remain parseable: two H2 sections, well-formed checkbox lines under items, well-formed `### From phase X: title` H3s under phases.

# Test output

````
running 4 tests
test sweep_strips_already_checked_items ... ok
test sweep_renders_after_phase_context ... ok
test sweep_renders_empty_stale_section_with_marker ... FAILED
test sweep_renders_standalone_when_after_phase_is_none ... ok

failures:

---- sweep_renders_empty_stale_section_with_marker stdout ----
assertion failed: out.contains("(none)")

````

# Current `deferred.md`

````
## Deferred items

- [ ] polish error message in PhaseId::parse
- [ ] drop unused stub in deferred::parse
- [ ] rename `flag` to `enabled` in audit config
- [ ] tighten test for empty deferred.md
- [ ] document sweep section in README
- [x] remove already-shipped TODO in runner

## Deferred phases

### From phase 07: rework agent trait

body line

````
